C:\Users\nanip\fintech_
venv\Scripts\python.exe
 : C:\Users\nanip\finte
ch_venv\Lib\site-packag
es\pydantic\_internal\_
config.py:383: 
UserWarning: Valid 
config keys have 
changed in V2:
At line:1 char:1
+ C:\Users\nanip\fintec
h_venv\Scripts\python.e
xe -c "from database 
impo ...
+ ~~~~~~~~~~~~~~~~~~~~~
~~~~~~~~~~~~~~~~~~~~~~~
~~~~~~~~~~~~~~~~~~~~~~~
~~
    + CategoryInfo     
         : NotSpecifi  
  ed: (C:\Users\nani   
 p\... changed in V    
2::String) [], Rem    
oteException
    + FullyQualifiedEr 
   rorId : NativeComm  
  andError
 
* 'orm_mode' has been 
renamed to 
'from_attributes'
  
warnings.warn(message, 
UserWarning)
(trapped) error 
reading bcrypt version
Traceback (most recent 
call last):
  File "C:\Users\nanip\
fintech_venv\Lib\site-p
ackages\passlib\handler
s\bcrypt.py", line 
620, in 
_load_backend_mixin
    version = _bcrypt._
_about__.__version__
              
^^^^^^^^^^^^^^^^^
AttributeError: module 
'bcrypt' has no 
attribute '__about__'
Traceback (most recent 
call last):
  File "<string>", 
line 1, in <module>
    from database 
import SessionLocal; 
import models; import 
security; from 
routers.auth import 
UserCreate, register; 
db = SessionLocal(); 
user = UserCreate(name=
'test', 
email='t@t.com', 
password='pwd'); res = 
register(user=user, 
db=db); print(res)
                       
                       
                       
                       
                       
                       
                       
                       
                       
   ~~~~~~~~^^^^^^^^^^^^
^^^^^^
  File "C:\Users\nanip\
OneDrive\Desktop\invoic
e_p;roject\backend\rout
ers\auth.py", line 37, 
in register
    hashed_password = s
ecurity.get_password_ha
sh(user.password)
  File "C:\Users\nanip\
OneDrive\Desktop\invoic
e_p;roject\backend\secu
rity.py", line 23, in 
get_password_hash
    return pwd_context.
hash(password)
           ~~~~~~~~~~~~
~~~~^^^^^^^^^^
  File "C:\Users\nanip\
fintech_venv\Lib\site-p
ackages\passlib\context
.py", line 2258, in 
hash
    return 
record.hash(secret, 
**kwds)
           ~~~~~~~~~~~^
^^^^^^^^^^^^^^^
  File "C:\Users\nanip\
fintech_venv\Lib\site-p
ackages\passlib\utils\h
andlers.py", line 779, 
in hash
    self.checksum = sel
f._calc_checksum(secret
)
                    ~~~
~~~~~~~~~~~~~~~~^^^^^^^
^
  File "C:\Users\nanip\
fintech_venv\Lib\site-p
ackages\passlib\handler
s\bcrypt.py", line 
591, in _calc_checksum
    self._stub_requires
_backend()
    ~~~~~~~~~~~~~~~~~~~
~~~~~~~~^^
  File "C:\Users\nanip\
fintech_venv\Lib\site-p
ackages\passlib\utils\h
andlers.py", line 
2254, in 
_stub_requires_backend
    cls.set_backend()
    ~~~~~~~~~~~~~~~^^
  File "C:\Users\nanip\
fintech_venv\Lib\site-p
ackages\passlib\utils\h
andlers.py", line 
2156, in set_backend
    return owner.set_ba
ckend(name, 
dryrun=dryrun)
           ~~~~~~~~~~~~
~~~~~^^^^^^^^^^^^^^^^^^
^^^
  File "C:\Users\nanip\
fintech_venv\Lib\site-p
ackages\passlib\utils\h
andlers.py", line 
2163, in set_backend
    return 
cls.set_backend(name, 
dryrun=dryrun)
           ~~~~~~~~~~~~
~~~^^^^^^^^^^^^^^^^^^^^
^
  File "C:\Users\nanip\
fintech_venv\Lib\site-p
ackages\passlib\utils\h
andlers.py", line 
2188, in set_backend
    
cls._set_backend(name, 
dryrun)
    ~~~~~~~~~~~~~~~~^^^
^^^^^^^^^^^
  File "C:\Users\nanip\
fintech_venv\Lib\site-p
ackages\passlib\utils\h
andlers.py", line 
2311, in _set_backend
    super(SubclassBacke
ndMixin, cls)._set_back
end(name, dryrun)
    ~~~~~~~~~~~~~~~~~~~
~~~~~~~~~~~~~~~~~~~~~~~
~~~^^^^^^^^^^^^^^
  File "C:\Users\nanip\
fintech_venv\Lib\site-p
ackages\passlib\utils\h
andlers.py", line 
2224, in _set_backend
    ok = loader(**kwds)
  File "C:\Users\nanip\
fintech_venv\Lib\site-p
ackages\passlib\handler
s\bcrypt.py", line 
626, in 
_load_backend_mixin
    return mixin_cls._f
inalize_backend_mixin(n
ame, dryrun)
           ~~~~~~~~~~~~
~~~~~~~~~~~~~~~~~~~~~^^
^^^^^^^^^^^^
  File "C:\Users\nanip\
fintech_venv\Lib\site-p
ackages\passlib\handler
s\bcrypt.py", line 
421, in 
_finalize_backend_mixin
    if detect_wrap_bug(
IDENT_2A):
       ~~~~~~~~~~~~~~~^
^^^^^^^^^
  File "C:\Users\nanip\
fintech_venv\Lib\site-p
ackages\passlib\handler
s\bcrypt.py", line 
380, in detect_wrap_bug
    if verify(secret, 
bug_hash):
       ~~~~~~^^^^^^^^^^
^^^^^^^^
  File "C:\Users\nanip\
fintech_venv\Lib\site-p
ackages\passlib\utils\h
andlers.py", line 792, 
in verify
    return consteq(self
._calc_checksum(secret)
, chk)
                   ~~~~
~~~~~~~~~~~~~~~^^^^^^^^
  File "C:\Users\nanip\
fintech_venv\Lib\site-p
ackages\passlib\handler
s\bcrypt.py", line 
655, in _calc_checksum
    hash = 
_bcrypt.hashpw(secret, 
config)
ValueError: password 
cannot be longer than 
72 bytes, truncate 
manually if necessary 
(e.g. my_password[:72])
